exports[`test BookEntity display 1`] = `
<div
  className="book-entity">
  <strong>
    Name
  </strong>
  <em>
    活法
  </em>
  <strong>
    Author
  </strong>
  <em>
    稻盛和夫
  </em>
  <strong>
    State
  </strong>
  <em>
    Finish
  </em>
</div>
`;
